Parsed test spec with 3 sessions

starting permutation: r1 w2 r2 r1 c2 r1 c1 r1 c3
step r1: SELECT * FROM animals;
name           counter        

cat            1              
dog            1              
monkey         1              
step w2: UPDATE animals SET counter = counter + 1 WHERE name = 'cat';
step r2: SELECT * FROM animals;
name           counter        

dog            1              
monkey         1              
cat            2              
step r1: SELECT * FROM animals;
name           counter        

cat            1              
dog            1              
monkey         1              
step c2: COMMIT;
step r1: SELECT * FROM animals;
name           counter        

dog            1              
monkey         1              
cat            2              
step c1: COMMIT;
step r1: SELECT * FROM animals;
name           counter        

dog            1              
monkey         1              
cat            2              
step c3: COMMIT;

starting permutation: r1 w3 r3 r1 c3 r1 c1 r1 c2
step r1: SELECT * FROM animals;
name           counter        

cat            1              
dog            1              
monkey         1              
step w3: UPDATE animals SET name = 'cat1' WHERE name = 'cat';
step r3: SELECT * FROM animals;
name           counter        

dog            1              
monkey         1              
cat1           1              
step r1: SELECT * FROM animals;
name           counter        

cat            1              
dog            1              
monkey         1              
step c3: COMMIT;
step r1: SELECT * FROM animals;
name           counter        

dog            1              
monkey         1              
cat1           1              
step c1: COMMIT;
step r1: SELECT * FROM animals;
name           counter        

dog            1              
monkey         1              
cat1           1              
step c2: COMMIT;
