--
-- Create access method tests
--
-- Make gist2 over gisthandler. In fact, it would be a synonym to gist.
CREATE ACCESS METHOD gist2 TYPE INDEX HANDLER gisthandler;
-- Try to create gist2 index on fast_emp4000: fail because opclass doesn't exist
CREATE INDEX grect2ind2 ON fast_emp4000 USING gist2 (home_base);
ERROR:  data type box has no default operator class for access method "gist2"
HINT:  You must specify an operator class for the index or define a default operator class for the data type.
-- Make operator class for boxes using gist2
CREATE OPERATOR CLASS box_ops DEFAULT
	FOR TYPE box USING gist2 AS
	OPERATOR 1	<<,
	OPERATOR 2	&<,
	OPERATOR 3	&&,
	OPERATOR 4	&>,
	OPERATOR 5	>>,
	OPERATOR 6	~=,
	OPERATOR 7	@>,
	OPERATOR 8	<@,
	OPERATOR 9	&<|,
	OPERATOR 10	<<|,
	OPERATOR 11	|>>,
	OPERATOR 12	|&>,
	OPERATOR 13	~,
	OPERATOR 14	@,
	FUNCTION 1	gist_box_consistent(internal, box, smallint, oid, internal),
	FUNCTION 2	gist_box_union(internal, internal),
	-- don't need compress, decompress, or fetch functions
	FUNCTION 5	gist_box_penalty(internal, internal, internal),
	FUNCTION 6	gist_box_picksplit(internal, internal),
	FUNCTION 7	gist_box_same(box, box, internal);
-- Create gist2 index on fast_emp4000
CREATE INDEX grect2ind2 ON fast_emp4000 USING gist2 (home_base);
-- Now check the results from plain indexscan; temporarily drop existing
-- index grect2ind to ensure it doesn't capture the plan
BEGIN;
DROP INDEX grect2ind;
SET enable_seqscan = OFF;
SET enable_indexscan = ON;
SET enable_bitmapscan = OFF;
EXPLAIN (COSTS OFF)
SELECT * FROM fast_emp4000
    WHERE home_base @ '(200,200),(2000,1000)'::box
    ORDER BY (home_base[0])[0];
                           QUERY PLAN                           
----------------------------------------------------------------
 Sort
   Sort Key: ((home_base[0])[0])
   ->  Index Only Scan using grect2ind2 on fast_emp4000
         Index Cond: (home_base @ '(2000,1000),(200,200)'::box)
(4 rows)

SELECT * FROM fast_emp4000
    WHERE home_base @ '(200,200),(2000,1000)'::box
    ORDER BY (home_base[0])[0];
       home_base       
-----------------------
 (337,455),(240,359)
 (1444,403),(1346,344)
(2 rows)

EXPLAIN (COSTS OFF)
SELECT count(*) FROM fast_emp4000 WHERE home_base && '(1000,1000,0,0)'::box;
                         QUERY PLAN                          
-------------------------------------------------------------
 Aggregate
   ->  Index Only Scan using grect2ind2 on fast_emp4000
         Index Cond: (home_base && '(1000,1000),(0,0)'::box)
(3 rows)

SELECT count(*) FROM fast_emp4000 WHERE home_base && '(1000,1000,0,0)'::box;
 count 
-------
     2
(1 row)

EXPLAIN (COSTS OFF)
SELECT count(*) FROM fast_emp4000 WHERE home_base IS NULL;
                       QUERY PLAN                       
--------------------------------------------------------
 Aggregate
   ->  Index Only Scan using grect2ind2 on fast_emp4000
         Index Cond: (home_base IS NULL)
(3 rows)

SELECT count(*) FROM fast_emp4000 WHERE home_base IS NULL;
 count 
-------
   278
(1 row)

ROLLBACK;
-- Try to drop access method: fail because of dependent objects
DROP ACCESS METHOD gist2;
ERROR:  cannot drop access method gist2 because other objects depend on it
DETAIL:  index grect2ind2 depends on operator class box_ops for access method gist2
HINT:  Use DROP ... CASCADE to drop the dependent objects too.
-- Drop access method cascade
DROP ACCESS METHOD gist2 CASCADE;
NOTICE:  drop cascades to index grect2ind2
-- Create a heap2 table am handler with heapam handler
CREATE ACCESS METHOD heap2 TYPE TABLE HANDLER heap_tableam_handler;
SELECT amname, amhandler, amtype FROM pg_am where amtype = 't' ORDER BY 1, 2;
 amname |       amhandler       | amtype 
--------+-----------------------+--------
 heap   | heap_tableam_handler  | t
 heap2  | heap_tableam_handler  | t
 zheap  | zheap_tableam_handler | t
(3 rows)

CREATE TABLE tbl_heap2(f1 int, f2 char(100)) using heap2;
INSERT INTO tbl_heap2 VALUES(generate_series(1,10), 'Test series');
SELECT count(*) FROM tbl_heap2;
 count 
-------
    10
(1 row)

SELECT r.relname, r.relkind, a.amname from pg_class as r, pg_am as a
		where a.oid = r.relam AND r.relname = 'tbl_heap2';
  relname  | relkind | amname 
-----------+---------+--------
 tbl_heap2 | r       | heap2
(1 row)

-- create table as using heap2
CREATE TABLE tblas_heap2 using heap2 AS select * from tbl_heap2;
SELECT r.relname, r.relkind, a.amname from pg_class as r, pg_am as a
		where a.oid = r.relam AND r.relname = 'tblas_heap2';
   relname   | relkind | amname 
-------------+---------+--------
 tblas_heap2 | r       | heap2
(1 row)

--
-- select into doesn't support new syntax, so it should be
-- default access method.
--
SELECT INTO tblselectinto_heap from tbl_heap2;
SELECT r.relname, r.relkind, a.amname = current_setting('default_table_access_method')
from pg_class as r, pg_am as a
		where a.oid = r.relam AND r.relname = 'tblselectinto_heap';
      relname       | relkind | ?column? 
--------------------+---------+----------
 tblselectinto_heap | r       | t
(1 row)

DROP TABLE tblselectinto_heap;
-- create materialized view using heap2
CREATE MATERIALIZED VIEW mv_heap2 USING heap2 AS
		SELECT * FROM tbl_heap2;
SELECT r.relname, r.relkind, a.amname from pg_class as r, pg_am as a
		where a.oid = r.relam AND r.relname = 'mv_heap2';
 relname  | relkind | amname 
----------+---------+--------
 mv_heap2 | m       | heap2
(1 row)

-- Try creating the unsupported relation kinds with using syntax
CREATE VIEW test_view USING heap2 AS SELECT * FROM tbl_heap2;
ERROR:  syntax error at or near "USING"
LINE 1: CREATE VIEW test_view USING heap2 AS SELECT * FROM tbl_heap2...
                              ^
CREATE SEQUENCE test_seq USING heap2;
ERROR:  syntax error at or near "USING"
LINE 1: CREATE SEQUENCE test_seq USING heap2;
                                 ^
-- Drop table access method, but fails as objects depends on it
DROP ACCESS METHOD heap2;
ERROR:  cannot drop access method heap2 because other objects depend on it
DETAIL:  table tbl_heap2 depends on access method heap2
table tblas_heap2 depends on access method heap2
materialized view mv_heap2 depends on access method heap2
HINT:  Use DROP ... CASCADE to drop the dependent objects too.
-- Drop table access method with cascade
DROP ACCESS METHOD heap2 CASCADE;
NOTICE:  drop cascades to 3 other objects
DETAIL:  drop cascades to table tbl_heap2
drop cascades to table tblas_heap2
drop cascades to materialized view mv_heap2
